mode: atomic
github.com/mockwave/mockwave/internal/domain/model.go:27.42,28.19 1 6
github.com/mockwave/mockwave/internal/domain/model.go:28.19,30.3 1 1
github.com/mockwave/mockwave/internal/domain/model.go:31.2,31.56 1 5
github.com/mockwave/mockwave/internal/domain/model.go:31.56,33.3 1 1
github.com/mockwave/mockwave/internal/domain/model.go:34.2,34.61 1 4
github.com/mockwave/mockwave/internal/domain/model.go:34.61,36.3 1 1
github.com/mockwave/mockwave/internal/domain/model.go:37.2,37.12 1 3
github.com/mockwave/mockwave/internal/domain/model.go:49.32,50.16 1 3
github.com/mockwave/mockwave/internal/domain/model.go:50.16,52.3 1 1
github.com/mockwave/mockwave/internal/domain/model.go:53.2,53.24 1 2
github.com/mockwave/mockwave/internal/domain/model.go:53.24,55.3 1 0
github.com/mockwave/mockwave/internal/domain/model.go:56.2,56.25 1 2
github.com/mockwave/mockwave/internal/domain/model.go:56.25,58.3 1 0
github.com/mockwave/mockwave/internal/domain/model.go:59.2,59.30 1 2
github.com/mockwave/mockwave/internal/domain/model.go:59.30,60.38 1 2
github.com/mockwave/mockwave/internal/domain/model.go:60.38,62.4 1 0
github.com/mockwave/mockwave/internal/domain/model.go:63.3,63.54 1 2
github.com/mockwave/mockwave/internal/domain/model.go:63.54,65.4 1 1
github.com/mockwave/mockwave/internal/domain/model.go:67.2,67.12 1 1
github.com/mockwave/mockwave/internal/adapters/cfg/restapi/server.go:13.70,22.2 8 18
github.com/mockwave/mockwave/internal/adapters/cfg/restapi/server.go:29.29,30.23 1 5
github.com/mockwave/mockwave/internal/adapters/cfg/restapi/server.go:30.23,32.3 1 1
github.com/mockwave/mockwave/internal/adapters/cfg/restapi/server.go:35.67,37.2 1 1
github.com/mockwave/mockwave/internal/adapters/cfg/restapi/server.go:39.66,40.18 1 5
github.com/mockwave/mockwave/internal/adapters/cfg/restapi/server.go:41.22,43.17 2 1
github.com/mockwave/mockwave/internal/adapters/cfg/restapi/server.go:43.17,46.4 2 0
github.com/mockwave/mockwave/internal/adapters/cfg/restapi/server.go:47.3,47.27 1 1
github.com/mockwave/mockwave/internal/adapters/cfg/restapi/server.go:48.23,50.63 2 3
github.com/mockwave/mockwave/internal/adapters/cfg/restapi/server.go:50.63,53.4 2 1
github.com/mockwave/mockwave/internal/adapters/cfg/restapi/server.go:54.3,54.41 1 2
github.com/mockwave/mockwave/internal/adapters/cfg/restapi/server.go:54.41,57.4 2 1
github.com/mockwave/mockwave/internal/adapters/cfg/restapi/server.go:58.3,58.48 1 1
github.com/mockwave/mockwave/internal/adapters/cfg/restapi/server.go:58.48,61.4 2 0
github.com/mockwave/mockwave/internal/adapters/cfg/restapi/server.go:62.3,63.26 2 1
github.com/mockwave/mockwave/internal/adapters/cfg/restapi/server.go:64.10,65.43 1 1
github.com/mockwave/mockwave/internal/adapters/cfg/restapi/server.go:69.69,71.18 2 6
github.com/mockwave/mockwave/internal/adapters/cfg/restapi/server.go:72.25,73.48 1 2
github.com/mockwave/mockwave/internal/adapters/cfg/restapi/server.go:73.48,76.4 2 1
github.com/mockwave/mockwave/internal/adapters/cfg/restapi/server.go:77.3,78.21 2 1
github.com/mockwave/mockwave/internal/adapters/cfg/restapi/server.go:79.22,81.63 2 3
github.com/mockwave/mockwave/internal/adapters/cfg/restapi/server.go:81.63,84.4 2 1
github.com/mockwave/mockwave/internal/adapters/cfg/restapi/server.go:85.3,86.41 2 2
github.com/mockwave/mockwave/internal/adapters/cfg/restapi/server.go:86.41,89.4 2 1
github.com/mockwave/mockwave/internal/adapters/cfg/restapi/server.go:90.3,90.48 1 1
github.com/mockwave/mockwave/internal/adapters/cfg/restapi/server.go:90.48,93.4 2 0
github.com/mockwave/mockwave/internal/adapters/cfg/restapi/server.go:94.3,95.26 2 1
github.com/mockwave/mockwave/internal/adapters/cfg/restapi/server.go:96.10,97.43 1 1
github.com/mockwave/mockwave/internal/adapters/cfg/restapi/server.go:101.72,102.18 1 3
github.com/mockwave/mockwave/internal/adapters/cfg/restapi/server.go:103.23,105.62 2 2
github.com/mockwave/mockwave/internal/adapters/cfg/restapi/server.go:105.62,108.4 2 1
github.com/mockwave/mockwave/internal/adapters/cfg/restapi/server.go:109.3,109.53 1 1
github.com/mockwave/mockwave/internal/adapters/cfg/restapi/server.go:109.53,112.4 2 0
github.com/mockwave/mockwave/internal/adapters/cfg/restapi/server.go:113.3,114.25 2 1
github.com/mockwave/mockwave/internal/adapters/cfg/restapi/server.go:115.10,116.43 1 1
github.com/mockwave/mockwave/internal/adapters/cfg/restapi/server.go:120.75,122.18 2 3
github.com/mockwave/mockwave/internal/adapters/cfg/restapi/server.go:123.25,124.54 1 2
github.com/mockwave/mockwave/internal/adapters/cfg/restapi/server.go:124.54,127.4 2 1
github.com/mockwave/mockwave/internal/adapters/cfg/restapi/server.go:128.3,129.21 2 1
github.com/mockwave/mockwave/internal/adapters/cfg/restapi/server.go:130.10,131.43 1 1
github.com/mockwave/mockwave/internal/adapters/cfg/restapi/server.go:135.45,136.29 1 9
github.com/mockwave/mockwave/internal/adapters/cfg/restapi/server.go:136.29,138.3 1 9
github.com/mockwave/mockwave/internal/adapters/cfg/restapi/server.go:139.2,139.11 1 0
github.com/mockwave/mockwave/internal/adapters/cfg/restapi/server.go:142.66,146.2 3 16
github.com/mockwave/mockwave/internal/adapters/cfg/restapi/server.go:148.64,150.2 1 11
github.com/mockwave/mockwave/internal/adapters/in/httprest/forward.go:18.57,19.19 1 6
github.com/mockwave/mockwave/internal/adapters/in/httprest/forward.go:19.19,21.3 1 6
github.com/mockwave/mockwave/internal/adapters/in/httprest/forward.go:22.2,22.38 1 6
github.com/mockwave/mockwave/internal/adapters/in/httprest/forward.go:25.38,25.58 1 1
github.com/mockwave/mockwave/internal/adapters/in/httprest/forward.go:27.89,28.25 1 5
github.com/mockwave/mockwave/internal/adapters/in/httprest/forward.go:28.25,30.3 1 1
github.com/mockwave/mockwave/internal/adapters/in/httprest/forward.go:31.2,31.58 1 4
github.com/mockwave/mockwave/internal/adapters/in/httprest/forward.go:31.58,33.3 1 2
github.com/mockwave/mockwave/internal/adapters/in/httprest/forward.go:34.2,35.33 2 2
github.com/mockwave/mockwave/internal/adapters/in/httprest/forward.go:35.33,37.40 2 1
github.com/mockwave/mockwave/internal/adapters/in/httprest/forward.go:37.40,39.4 1 1
github.com/mockwave/mockwave/internal/adapters/in/httprest/forward.go:40.3,40.47 1 1
github.com/mockwave/mockwave/internal/adapters/in/httprest/forward.go:42.2,43.16 2 2
github.com/mockwave/mockwave/internal/adapters/in/httprest/forward.go:43.16,45.3 1 0
github.com/mockwave/mockwave/internal/adapters/in/httprest/forward.go:46.2,46.41 1 2
github.com/mockwave/mockwave/internal/adapters/in/httprest/forward.go:46.41,48.3 1 0
github.com/mockwave/mockwave/internal/adapters/in/httprest/forward.go:49.2,50.16 2 2
github.com/mockwave/mockwave/internal/adapters/in/httprest/forward.go:50.16,52.3 1 0
github.com/mockwave/mockwave/internal/adapters/in/httprest/forward.go:53.2,55.16 3 2
github.com/mockwave/mockwave/internal/adapters/in/httprest/forward.go:55.16,57.3 1 0
github.com/mockwave/mockwave/internal/adapters/in/httprest/forward.go:58.2,59.29 2 2
github.com/mockwave/mockwave/internal/adapters/in/httprest/forward.go:59.29,61.3 1 6
github.com/mockwave/mockwave/internal/adapters/in/httprest/forward.go:62.2,64.23 3 2
github.com/mockwave/mockwave/internal/adapters/in/httprest/forward.go:64.23,66.3 1 0
github.com/mockwave/mockwave/internal/adapters/in/httprest/forward.go:67.2,72.12 2 2
github.com/mockwave/mockwave/internal/adapters/in/httprest/handler.go:22.38,24.2 1 4
github.com/mockwave/mockwave/internal/adapters/in/httprest/handler.go:26.69,29.26 3 4
github.com/mockwave/mockwave/internal/adapters/in/httprest/handler.go:29.26,31.3 1 1
github.com/mockwave/mockwave/internal/adapters/in/httprest/handler.go:32.2,33.31 2 4
github.com/mockwave/mockwave/internal/adapters/in/httprest/handler.go:33.31,35.3 1 1
github.com/mockwave/mockwave/internal/adapters/in/httprest/handler.go:36.2,47.62 2 4
github.com/mockwave/mockwave/internal/adapters/in/httprest/handler.go:47.62,50.3 2 1
github.com/mockwave/mockwave/internal/adapters/in/httprest/handler.go:51.2,51.26 1 3
github.com/mockwave/mockwave/internal/adapters/in/httprest/handler.go:51.26,54.3 2 1
github.com/mockwave/mockwave/internal/adapters/in/httprest/handler.go:55.2,56.22 2 2
github.com/mockwave/mockwave/internal/adapters/in/httprest/handler.go:56.22,58.3 1 0
github.com/mockwave/mockwave/internal/adapters/in/httprest/handler.go:59.2,59.33 1 2
github.com/mockwave/mockwave/internal/adapters/in/httprest/handler.go:59.33,61.3 1 1
github.com/mockwave/mockwave/internal/adapters/in/httprest/handler.go:62.2,62.22 1 2
github.com/mockwave/mockwave/internal/adapters/in/httprest/handler.go:62.22,64.3 1 1
github.com/mockwave/mockwave/internal/adapters/in/httprest/handler.go:65.2,66.22 2 2
github.com/mockwave/mockwave/internal/adapters/in/httprest/handler.go:66.22,68.3 1 1
github.com/mockwave/mockwave/internal/adapters/in/httprest/handler.go:71.38,73.39 2 4
github.com/mockwave/mockwave/internal/adapters/in/httprest/handler.go:73.39,75.3 1 0
github.com/mockwave/mockwave/internal/adapters/in/httprest/handler.go:76.2,76.14 1 4
github.com/mockwave/mockwave/internal/adapters/in/httprest/handler.go:79.64,83.2 3 2
github.com/mockwave/mockwave/internal/domain/routing/percentile.go:16.56,18.2 1 6
github.com/mockwave/mockwave/internal/domain/routing/percentile.go:20.47,20.77 1 1
github.com/mockwave/mockwave/internal/domain/routing/percentile.go:22.98,23.25 1 10004
github.com/mockwave/mockwave/internal/domain/routing/percentile.go:23.25,25.3 1 1
github.com/mockwave/mockwave/internal/domain/routing/percentile.go:26.2,27.16 2 10003
github.com/mockwave/mockwave/internal/domain/routing/percentile.go:27.16,29.3 1 1
github.com/mockwave/mockwave/internal/domain/routing/percentile.go:30.2,30.23 1 10002
github.com/mockwave/mockwave/internal/domain/routing/percentile.go:31.29,32.42 1 120
github.com/mockwave/mockwave/internal/domain/routing/percentile.go:33.28,34.28 1 9882
github.com/mockwave/mockwave/internal/domain/routing/percentile.go:35.10,36.75 1 0
github.com/mockwave/mockwave/internal/domain/routing/percentile.go:38.2,38.12 1 10002
github.com/mockwave/mockwave/internal/domain/routing/percentile.go:41.110,42.23 1 10003
github.com/mockwave/mockwave/internal/domain/routing/percentile.go:42.23,44.3 1 1
github.com/mockwave/mockwave/internal/domain/routing/percentile.go:45.2,46.28 2 10002
github.com/mockwave/mockwave/internal/domain/routing/percentile.go:46.28,48.3 1 20002
github.com/mockwave/mockwave/internal/domain/routing/percentile.go:49.2,51.28 3 10002
github.com/mockwave/mockwave/internal/domain/routing/percentile.go:51.28,53.24 2 19883
github.com/mockwave/mockwave/internal/domain/routing/percentile.go:53.24,55.4 1 10002
github.com/mockwave/mockwave/internal/domain/routing/percentile.go:57.2,57.37 1 0
github.com/mockwave/mockwave/internal/adapters/out/jsonfile/store.go:18.44,20.33 2 13
github.com/mockwave/mockwave/internal/adapters/out/jsonfile/store.go:20.33,22.3 1 1
github.com/mockwave/mockwave/internal/adapters/out/jsonfile/store.go:23.2,23.15 1 12
github.com/mockwave/mockwave/internal/adapters/out/jsonfile/store.go:26.30,28.16 2 14
github.com/mockwave/mockwave/internal/adapters/out/jsonfile/store.go:28.16,30.3 1 1
github.com/mockwave/mockwave/internal/adapters/out/jsonfile/store.go:31.2,33.56 3 13
github.com/mockwave/mockwave/internal/adapters/out/jsonfile/store.go:33.56,35.3 1 0
github.com/mockwave/mockwave/internal/adapters/out/jsonfile/store.go:36.2,37.12 2 13
github.com/mockwave/mockwave/internal/adapters/out/jsonfile/store.go:40.31,42.16 2 6
github.com/mockwave/mockwave/internal/adapters/out/jsonfile/store.go:42.16,44.3 1 0
github.com/mockwave/mockwave/internal/adapters/out/jsonfile/store.go:45.2,48.29 4 6
github.com/mockwave/mockwave/internal/adapters/out/jsonfile/store.go:51.32,55.2 3 1
github.com/mockwave/mockwave/internal/adapters/out/jsonfile/store.go:57.51,63.2 5 5
github.com/mockwave/mockwave/internal/adapters/out/jsonfile/store.go:65.70,68.38 3 6
github.com/mockwave/mockwave/internal/adapters/out/jsonfile/store.go:68.38,69.39 1 5
github.com/mockwave/mockwave/internal/adapters/out/jsonfile/store.go:69.39,72.4 2 4
github.com/mockwave/mockwave/internal/adapters/out/jsonfile/store.go:74.2,74.65 1 2
github.com/mockwave/mockwave/internal/adapters/out/jsonfile/store.go:77.47,80.42 3 2
github.com/mockwave/mockwave/internal/adapters/out/jsonfile/store.go:80.42,81.26 1 1
github.com/mockwave/mockwave/internal/adapters/out/jsonfile/store.go:81.26,84.4 2 1
github.com/mockwave/mockwave/internal/adapters/out/jsonfile/store.go:86.2,87.18 2 1
github.com/mockwave/mockwave/internal/adapters/out/jsonfile/store.go:90.61,93.48 3 2
github.com/mockwave/mockwave/internal/adapters/out/jsonfile/store.go:93.48,94.28 1 1
github.com/mockwave/mockwave/internal/adapters/out/jsonfile/store.go:94.28,97.4 2 1
github.com/mockwave/mockwave/internal/adapters/out/jsonfile/store.go:99.2,100.18 2 1
github.com/mockwave/mockwave/internal/adapters/out/jsonfile/store.go:103.45,106.35 3 2
github.com/mockwave/mockwave/internal/adapters/out/jsonfile/store.go:106.35,107.17 1 1
github.com/mockwave/mockwave/internal/adapters/out/jsonfile/store.go:107.17,110.4 2 1
github.com/mockwave/mockwave/internal/adapters/out/jsonfile/store.go:112.2,112.54 1 1
github.com/mockwave/mockwave/internal/adapters/out/jsonfile/store.go:115.51,118.43 3 2
github.com/mockwave/mockwave/internal/adapters/out/jsonfile/store.go:118.43,119.19 1 1
github.com/mockwave/mockwave/internal/adapters/out/jsonfile/store.go:119.19,122.4 2 1
github.com/mockwave/mockwave/internal/adapters/out/jsonfile/store.go:124.2,124.60 1 1
github.com/mockwave/mockwave/internal/domain/matching/matcher.go:17.71,22.2 4 9
github.com/mockwave/mockwave/internal/domain/matching/matcher.go:24.45,24.73 1 1
github.com/mockwave/mockwave/internal/domain/matching/matcher.go:26.96,28.25 2 8
github.com/mockwave/mockwave/internal/domain/matching/matcher.go:28.25,29.34 1 8
github.com/mockwave/mockwave/internal/domain/matching/matcher.go:29.34,32.4 2 4
github.com/mockwave/mockwave/internal/domain/matching/matcher.go:34.2,34.67 1 4
github.com/mockwave/mockwave/internal/domain/matching/matcher.go:37.69,39.52 2 8
github.com/mockwave/mockwave/internal/domain/matching/matcher.go:39.52,41.3 1 1
github.com/mockwave/mockwave/internal/domain/matching/matcher.go:42.2,42.64 1 7
github.com/mockwave/mockwave/internal/domain/matching/matcher.go:42.64,44.3 1 2
github.com/mockwave/mockwave/internal/domain/matching/matcher.go:45.2,45.18 1 5
github.com/mockwave/mockwave/internal/domain/matching/matcher.go:45.18,47.29 2 5
github.com/mockwave/mockwave/internal/domain/matching/matcher.go:47.29,49.4 1 0
github.com/mockwave/mockwave/internal/domain/matching/matcher.go:51.2,51.30 1 5
github.com/mockwave/mockwave/internal/domain/matching/matcher.go:51.30,52.43 1 1
github.com/mockwave/mockwave/internal/domain/matching/matcher.go:52.43,54.4 1 0
github.com/mockwave/mockwave/internal/domain/matching/matcher.go:56.2,56.28 1 5
github.com/mockwave/mockwave/internal/domain/matching/matcher.go:56.28,57.24 1 2
github.com/mockwave/mockwave/internal/domain/matching/matcher.go:57.24,59.4 1 1
github.com/mockwave/mockwave/internal/domain/matching/matcher.go:61.2,61.13 1 4
github.com/mockwave/mockwave/internal/domain/matching/matcher.go:64.45,65.34 1 9
github.com/mockwave/mockwave/internal/domain/matching/matcher.go:65.34,66.26 1 1
github.com/mockwave/mockwave/internal/domain/matching/matcher.go:66.26,67.55 1 1
github.com/mockwave/mockwave/internal/domain/matching/matcher.go:67.55,69.5 1 1
github.com/mockwave/mockwave/internal/domain/matching/matcher.go:74.37,76.42 2 2
github.com/mockwave/mockwave/internal/domain/matching/matcher.go:76.42,78.3 1 0
github.com/mockwave/mockwave/internal/domain/matching/matcher.go:79.2,79.14 1 2
github.com/mockwave/mockwave/internal/domain/pipeline/pipeline.go:12.37,14.2 1 2
github.com/mockwave/mockwave/internal/domain/pipeline/pipeline.go:16.78,17.29 1 2
github.com/mockwave/mockwave/internal/domain/pipeline/pipeline.go:17.29,18.46 1 5
github.com/mockwave/mockwave/internal/domain/pipeline/pipeline.go:18.46,20.4 1 1
github.com/mockwave/mockwave/internal/domain/pipeline/pipeline.go:22.2,22.12 1 1
github.com/mockwave/mockwave/internal/domain/pipeline/script_stage.go:17.87,19.2 1 7
github.com/mockwave/mockwave/internal/domain/pipeline/script_stage.go:21.37,21.56 1 1
github.com/mockwave/mockwave/internal/domain/pipeline/script_stage.go:23.79,24.48 1 6
github.com/mockwave/mockwave/internal/domain/pipeline/script_stage.go:24.48,26.3 1 2
github.com/mockwave/mockwave/internal/domain/pipeline/script_stage.go:27.2,28.18 2 4
github.com/mockwave/mockwave/internal/domain/pipeline/script_stage.go:28.18,30.3 1 1
github.com/mockwave/mockwave/internal/domain/pipeline/script_stage.go:31.2,45.16 4 3
github.com/mockwave/mockwave/internal/domain/pipeline/script_stage.go:45.16,47.3 1 1
github.com/mockwave/mockwave/internal/domain/pipeline/script_stage.go:48.2,48.40 1 2
github.com/mockwave/mockwave/internal/domain/pipeline/script_stage.go:48.40,49.33 1 2
github.com/mockwave/mockwave/internal/domain/pipeline/script_stage.go:49.33,51.4 1 2
github.com/mockwave/mockwave/internal/domain/pipeline/script_stage.go:53.2,53.36 1 2
github.com/mockwave/mockwave/internal/domain/pipeline/script_stage.go:53.36,55.3 1 2
github.com/mockwave/mockwave/internal/domain/pipeline/script_stage.go:56.2,56.43 1 2
github.com/mockwave/mockwave/internal/domain/pipeline/script_stage.go:56.43,57.34 1 2
github.com/mockwave/mockwave/internal/domain/pipeline/script_stage.go:57.34,59.4 1 2
github.com/mockwave/mockwave/internal/domain/pipeline/script_stage.go:61.2,61.12 1 2
github.com/mockwave/mockwave/internal/domain/pipeline/script_stage.go:64.61,66.22 2 9
github.com/mockwave/mockwave/internal/domain/pipeline/script_stage.go:66.22,68.3 1 0
github.com/mockwave/mockwave/internal/domain/pipeline/script_stage.go:69.2,69.12 1 9
github.com/mockwave/mockwave/internal/domain/pipeline/script_stage.go:72.39,73.23 1 4
github.com/mockwave/mockwave/internal/domain/pipeline/script_stage.go:74.11,75.17 1 3
github.com/mockwave/mockwave/internal/domain/pipeline/script_stage.go:76.13,77.22 1 1
github.com/mockwave/mockwave/internal/domain/pipeline/script_stage.go:78.15,79.22 1 0
github.com/mockwave/mockwave/internal/domain/pipeline/script_stage.go:81.2,81.17 1 0
github.com/mockwave/mockwave/internal/domain/simulation/loader.go:21.65,23.2 1 8
github.com/mockwave/mockwave/internal/domain/simulation/loader.go:25.41,25.64 1 1
github.com/mockwave/mockwave/internal/domain/simulation/loader.go:27.92,28.24 1 7
github.com/mockwave/mockwave/internal/domain/simulation/loader.go:28.24,30.3 1 1
github.com/mockwave/mockwave/internal/domain/simulation/loader.go:31.2,32.16 2 6
github.com/mockwave/mockwave/internal/domain/simulation/loader.go:32.16,34.3 1 1
github.com/mockwave/mockwave/internal/domain/simulation/loader.go:35.2,36.16 2 5
github.com/mockwave/mockwave/internal/domain/simulation/loader.go:36.16,38.3 1 0
github.com/mockwave/mockwave/internal/domain/simulation/loader.go:39.2,40.41 2 5
github.com/mockwave/mockwave/internal/domain/simulation/loader.go:40.41,42.3 1 1
github.com/mockwave/mockwave/internal/domain/simulation/loader.go:43.2,49.12 2 5
github.com/mockwave/mockwave/internal/domain/simulation/loader.go:52.88,53.17 1 5
github.com/mockwave/mockwave/internal/domain/simulation/loader.go:53.17,55.3 1 2
github.com/mockwave/mockwave/internal/domain/simulation/loader.go:56.2,57.16 2 3
github.com/mockwave/mockwave/internal/domain/simulation/loader.go:57.16,59.3 1 0
github.com/mockwave/mockwave/internal/domain/simulation/loader.go:60.2,60.85 1 3
github.com/mockwave/mockwave/internal/domain/simulation/loader.go:60.85,62.19 2 2
github.com/mockwave/mockwave/internal/domain/simulation/loader.go:62.19,64.4 1 0
github.com/mockwave/mockwave/internal/domain/simulation/loader.go:65.3,66.45 2 2
github.com/mockwave/mockwave/internal/domain/simulation/loader.go:66.45,68.4 1 1
github.com/mockwave/mockwave/internal/domain/simulation/loader.go:71.3,71.58 1 1
github.com/mockwave/mockwave/internal/domain/simulation/loader.go:73.2,74.63 2 3
github.com/mockwave/mockwave/internal/domain/simulation/loader.go:74.63,76.3 1 0
github.com/mockwave/mockwave/internal/domain/simulation/loader.go:77.2,77.17 1 3
github.com/mockwave/mockwave/internal/scripting/engine.go:11.26,11.46 1 5
github.com/mockwave/mockwave/internal/scripting/engine.go:13.126,14.18 1 5
github.com/mockwave/mockwave/internal/scripting/engine.go:14.18,16.3 1 1
github.com/mockwave/mockwave/internal/scripting/engine.go:17.2,18.16 2 4
github.com/mockwave/mockwave/internal/scripting/engine.go:18.16,20.3 1 1
github.com/mockwave/mockwave/internal/scripting/engine.go:20.8,22.3 1 3
github.com/mockwave/mockwave/internal/scripting/engine.go:23.2,27.16 4 4
github.com/mockwave/mockwave/internal/scripting/engine.go:27.16,29.3 1 2
github.com/mockwave/mockwave/internal/scripting/engine.go:30.2,31.9 2 2
github.com/mockwave/mockwave/internal/scripting/engine.go:31.9,33.3 1 0
github.com/mockwave/mockwave/internal/scripting/engine.go:34.2,34.20 1 2
github.com/mockwave/mockwave/internal/server/server.go:30.39,31.22 1 5
github.com/mockwave/mockwave/internal/server/server.go:31.22,33.3 1 1
github.com/mockwave/mockwave/internal/server/server.go:34.2,35.36 2 4
github.com/mockwave/mockwave/internal/server/server.go:35.36,37.3 1 0
github.com/mockwave/mockwave/internal/server/server.go:38.2,38.15 1 4
github.com/mockwave/mockwave/internal/server/server.go:41.34,43.2 1 1
github.com/mockwave/mockwave/internal/server/server.go:45.34,47.16 2 5
github.com/mockwave/mockwave/internal/server/server.go:47.16,49.3 1 0
github.com/mockwave/mockwave/internal/server/server.go:50.2,53.95 4 5
github.com/mockwave/mockwave/internal/server/server.go:53.95,54.30 1 1
github.com/mockwave/mockwave/internal/server/server.go:54.30,56.4 1 0
github.com/mockwave/mockwave/internal/server/server.go:57.3,58.31 2 1
github.com/mockwave/mockwave/internal/server/server.go:58.31,60.4 1 0
github.com/mockwave/mockwave/internal/server/server.go:61.3,61.20 1 1
github.com/mockwave/mockwave/internal/server/server.go:63.2,68.12 6 5
github.com/mockwave/mockwave/internal/server/server.go:71.50,73.2 1 2
github.com/mockwave/mockwave/internal/server/server.go:77.92,82.2 4 1
github.com/mockwave/mockwave/cmd/mockwave/main.go:16.13,17.44 1 0
github.com/mockwave/mockwave/cmd/mockwave/main.go:17.44,19.3 1 0
github.com/mockwave/mockwave/cmd/mockwave/main.go:22.31,26.2 3 0
github.com/mockwave/mockwave/cmd/mockwave/main.go:28.32,34.55 3 0
github.com/mockwave/mockwave/cmd/mockwave/main.go:34.55,36.18 2 0
github.com/mockwave/mockwave/cmd/mockwave/main.go:36.18,38.5 1 0
github.com/mockwave/mockwave/cmd/mockwave/main.go:39.4,40.18 2 0
github.com/mockwave/mockwave/cmd/mockwave/main.go:40.18,42.5 1 0
github.com/mockwave/mockwave/cmd/mockwave/main.go:43.4,43.45 1 0
github.com/mockwave/mockwave/cmd/mockwave/main.go:43.45,44.41 1 0
github.com/mockwave/mockwave/cmd/mockwave/main.go:44.41,46.6 1 0
github.com/mockwave/mockwave/cmd/mockwave/main.go:48.4,48.14 1 0
github.com/mockwave/mockwave/cmd/mockwave/main.go:48.14,50.88 2 0
github.com/mockwave/mockwave/cmd/mockwave/main.go:50.88,52.6 1 0
github.com/mockwave/mockwave/cmd/mockwave/main.go:54.4,55.79 2 0
github.com/mockwave/mockwave/cmd/mockwave/main.go:58.2,62.12 5 0
github.com/mockwave/mockwave/cmd/mockwave/main.go:65.35,70.55 1 0
github.com/mockwave/mockwave/cmd/mockwave/main.go:70.55,72.18 2 0
github.com/mockwave/mockwave/cmd/mockwave/main.go:72.18,74.5 1 0
github.com/mockwave/mockwave/cmd/mockwave/main.go:75.4,79.58 3 0
github.com/mockwave/mockwave/cmd/mockwave/main.go:79.58,81.5 1 0
github.com/mockwave/mockwave/cmd/mockwave/main.go:82.4,83.14 2 0
github.com/mockwave/mockwave/cmd/mockwave/main.go:88.34,92.50 1 0
github.com/mockwave/mockwave/cmd/mockwave/main.go:92.50,92.84 1 0
